NCURSES_5.9 {
    TYPE_ALNUM;
    TYPE_ALPHA;
    TYPE_ENUM;
    TYPE_INTEGER;
    TYPE_IPV4;
    TYPE_NUMERIC;
    TYPE_REGEXP;
    current_field;
    data_ahead;
    data_behind;
    dup_field;
    dynamic_field_info;
    field_arg;
    field_back;
    field_buffer;
    field_count;
    field_fore;
    field_index;
    field_info;
    field_init;
    field_just;
    field_opts;
    field_opts_off;
    field_opts_on;
    field_pad;
    field_status;
    field_term;
    field_type;
    field_userptr;
    form_driver;
    form_fields;
    form_init;
    form_opts;
    form_opts_off;
    form_opts_on;
    form_page;
    form_request_by_name;
    form_request_name;
    form_sub;
    form_term;
    form_userptr;
    form_win;
    free_field;
    free_fieldtype;
    free_form;
    link_field;
    link_fieldtype;
    move_field;
    new_field;
    new_fieldtype;
    new_form;
    new_page;
    pos_form_cursor;
    post_form;
    scale_form;
    set_current_field;
    set_field_back;
    set_field_buffer;
    set_field_fore;
    set_field_init;
    set_field_just;
    set_field_opts;
    set_field_pad;
    set_field_status;
    set_field_term;
    set_field_type;
    set_field_userptr;
    set_fieldtype_arg;
    set_fieldtype_choice;
    set_form_fields;
    set_form_init;
    set_form_opts;
    set_form_page;
    set_form_sub;
    set_form_term;
    set_form_userptr;
    set_form_win;
    set_max_field;
    set_new_page;
    unpost_form;
};

NCURSESprivate_1.0 {
    _nc_Copy_Argument;
    _nc_Copy_Type;
    _nc_Default_Field;
    _nc_Default_FieldType;
    _nc_Default_Form;
    _nc_First_Active_Field;
    _nc_Free_Argument;
    _nc_Free_Type;
    _nc_Internal_Validation;
    _nc_Make_Argument;
    _nc_Position_Form_Cursor;
    _nc_Refresh_Current_Field;
    _nc_Set_Current_Field;
    _nc_Set_Form_Page;
    _nc_Synchronize_Attributes;
    _nc_Synchronize_Options;
    _nc_fty_generic;
    _nc_get_fieldbuffer;
    _nc_retrace_field;
    _nc_retrace_field_ptr;
    _nc_retrace_field_type;
    _nc_retrace_form;
    _nc_retrace_form_hook;
};
