DFprivate_1.0 {
    _citrus_NONE_ctype_ops;
    _citrus_NONE_stdenc_ops;
    _citrus_NONE_stdenc_traits;
    _citrus_UTF1632_stdenc_getops;
    _citrus_UTF1632_stdenc_ops;
    _citrus_UTF8_ctype_getops;
    _citrus_UTF8_ctype_ops;
    _citrus_UTF8_stdenc_getops;
    _citrus_UTF8_stdenc_ops;
    _citrus_bcs_convert_to_lower;
    _citrus_bcs_convert_to_upper;
    _citrus_bcs_skip_nonws;
    _citrus_bcs_skip_nonws_len;
    _citrus_bcs_skip_ws;
    _citrus_bcs_skip_ws_len;
    _citrus_bcs_strcasecmp;
    _citrus_bcs_strncasecmp;
    _citrus_bcs_trunc_rws_len;
    _citrus_csmapper_open;
    _citrus_ctype_btowc_fallback;
    _citrus_ctype_close;
    _citrus_ctype_default;
    _citrus_ctype_open;
    _citrus_ctype_wctob_fallback;
    _citrus_db_close;
    _citrus_db_get_entry;
    _citrus_db_get_number_of_entries;
    _citrus_db_hash_std;
    _citrus_db_lookup;
    _citrus_db_lookup16_by_string;
    _citrus_db_lookup32_by_string;
    _citrus_db_lookup8_by_string;
    _citrus_db_lookup_by_string;
    _citrus_db_lookup_string_by_string;
    _citrus_db_open;
    _citrus_esdb_alias;
    _citrus_esdb_close;
    _citrus_esdb_free_list;
    _citrus_esdb_get_list;
    _citrus_esdb_open;
    _citrus_find_getops;
    _citrus_iconv_close;
    _citrus_iconv_open;
    _citrus_iconv_std_iconv_getops;
    _citrus_iconv_std_iconv_ops;
    _citrus_load_module;
    _citrus_lookup_get_number_of_entries;
    _citrus_lookup_seq_close;
    _citrus_lookup_seq_lookup;
    _citrus_lookup_seq_next;
    _citrus_lookup_seq_open;
    _citrus_lookup_seq_rewind;
    _citrus_lookup_simple;
    _citrus_map_file;
    _citrus_mapper_close;
    _citrus_mapper_create_area;
    _citrus_mapper_none_mapper_getops;
    _citrus_mapper_none_mapper_ops;
    _citrus_mapper_open;
    _citrus_mapper_open_direct;
    _citrus_mapper_parallel_mapper_getops;
    _citrus_mapper_parallel_mapper_ops;
    _citrus_mapper_serial_mapper_getops;
    _citrus_mapper_serial_mapper_ops;
    _citrus_mapper_set_persistent;
    _citrus_mapper_std_mapper_getops;
    _citrus_mapper_std_mapper_ops;
    _citrus_memory_stream_chr;
    _citrus_memory_stream_getln;
    _citrus_memory_stream_matchline;
    _citrus_memory_stream_skip_ws;
    _citrus_prop_parse_variable;
    _citrus_stdenc_close;
    _citrus_stdenc_default;
    _citrus_stdenc_open;
    _citrus_unload_module;
    _citrus_unmap_file;
    _string_hash_func;
};
