NCURSES_5.9 {
    current_item;
    free_item;
    free_menu;
    item_count;
    item_description;
    item_index;
    item_init;
    item_name;
    item_opts;
    item_opts_off;
    item_opts_on;
    item_term;
    item_userptr;
    item_value;
    item_visible;
    menu_back;
    menu_driver;
    menu_fore;
    menu_format;
    menu_grey;
    menu_init;
    menu_items;
    menu_mark;
    menu_opts;
    menu_opts_off;
    menu_opts_on;
    menu_pad;
    menu_pattern;
    menu_request_by_name;
    menu_request_name;
    menu_spacing;
    menu_sub;
    menu_term;
    menu_userptr;
    menu_win;
    new_item;
    new_menu;
    pos_menu_cursor;
    post_menu;
    scale_menu;
    set_current_item;
    set_item_init;
    set_item_opts;
    set_item_term;
    set_item_userptr;
    set_item_value;
    set_menu_back;
    set_menu_fore;
    set_menu_format;
    set_menu_grey;
    set_menu_init;
    set_menu_items;
    set_menu_mark;
    set_menu_opts;
    set_menu_pad;
    set_menu_pattern;
    set_menu_spacing;
    set_menu_sub;
    set_menu_term;
    set_menu_userptr;
    set_menu_win;
    set_top_row;
    top_row;
    unpost_menu;
};

NCURSESprivate_1.0 {
    _nc_Calculate_Item_Length_and_Width;
    _nc_Calculate_Text_Width;
    _nc_Connect_Items;
    _nc_Default_Item;
    _nc_Default_Menu;
    _nc_Disconnect_Items;
    _nc_Draw_Menu;
    _nc_Link_Items;
    _nc_Match_Next_Character_In_Item_Name;
    _nc_New_TopRow_and_CurrentItem;
    _nc_Post_Item;
    _nc_Show_Menu;
    _nc_menu_cursor_pos;
    _nc_retrace_item;
    _nc_retrace_item_opts;
    _nc_retrace_item_ptr;
    _nc_retrace_menu;
    _nc_retrace_menu_hook;
    _nc_retrace_menu_opts;
};
