DF402.0 {
    __fpending;
    __srget;
    __stderrp;
    __stdinp;
    __stdoutp;
    __swbuf;
    asprintf;
    asprintf_l;
    clearerr;
    clearerr_unlocked;
    dprintf;
    f_prealloc;
    fclose;
    fcloseall;
    fcookie;
    fdopen;
    feof;
    feof_unlocked;
    ferror;
    ferror_unlocked;
    fflush;
    fgetc;
    fgetln;
    fgetpos;
    fgets;
    fgetwc;
    fgetwc_l;
    fgetwln;
    fgetwln_l;
    fgetws;
    fgetws_l;
    fileno;
    fileno_unlocked;
    flockfile;
    fmemopen;
    fopen;
    fprintf;
    fprintf_l;
    fpurge;
    fputc;
    fputs;
    fputwc;
    fputwc_l;
    fputws;
    fputws_l;
    fread;
    freopen;
    fscanf;
    fscanf_l;
    fseek;
    fseeko;
    fsetpos;
    ftell;
    ftello;
    ftrylockfile;
    funlockfile;
    funopen;
    fwide;
    fwprintf;
    fwprintf_l;
    fwrite;
    fwscanf;
    fwscanf_l;
    getc;
    getc_unlocked;
    getchar;
    getchar_unlocked;
    getdelim;
    getline;
    gets;
    getw;
    getwc;
    getwc_l;
    getwchar;
    getwchar_l;
    mkdtemp;
    mkostemp;
    mkostemps;
    mkstemp;
    mkstemps;
    mktemp;
    open_memstream;
    open_wmemstream;
    perror;
    printf;
    printf_l;
    putc;
    putc_unlocked;
    putchar;
    putchar_unlocked;
    puts;
    putw;
    putwc;
    putwc_l;
    putwchar;
    putwchar_l;
    remove;
    rewind;
    scanf;
    scanf_l;
    setbuf;
    setbuffer;
    setlinebuf;
    setvbuf;
    snprintf;
    snprintf_l;
    sprintf;
    sprintf_l;
    sscanf;
    sscanf_l;
    swprintf;
    swprintf_l;
    swscanf;
    swscanf_l;
    tempnam;
    tmpfile;
    tmpnam;
    ungetc;
    ungetwc;
    ungetwc_l;
    vasprintf;
    vasprintf_l;
    vdprintf;
    vfprintf;
    vfprintf_l;
    vfscanf;
    vfscanf_l;
    vfwprintf;
    vfwprintf_l;
    vfwscanf;
    vfwscanf_l;
    vprintf;
    vprintf_l;
    vscanf;
    vscanf_l;
    vsnprintf;
    vsnprintf_l;
    vsprintf;
    vsprintf_l;
    vsscanf;
    vsscanf_l;
    vswprintf;
    vswprintf_l;
    vswscanf;
    vswscanf_l;
    vwprintf;
    vwprintf_l;
    vwscanf;
    vwscanf_l;
    wprintf;
    wprintf_l;
    wscanf;
    wscanf_l;
};

DFprivate_1.0 {
    __fcloseall;
    __fflush;
    __fgetwc_mbs;
    __find_arguments;
    __find_warguments;
    __fputwc;
    __fread;
    __freedtoa;
    __lowercase_hex;
    __printf_arginfo_chr;
    __printf_arginfo_errno;
    __printf_arginfo_float;
    __printf_arginfo_hexdump;
    __printf_arginfo_int;
    __printf_arginfo_ptr;
    __printf_arginfo_quote;
    __printf_arginfo_str;
    __printf_arginfo_time;
    __printf_arginfo_vis;
    __printf_flush;
    __printf_out;
    __printf_pad;
    __printf_puts;
    __printf_render_chr;
    __printf_render_errno;
    __printf_render_float;
    __printf_render_hexdump;
    __printf_render_int;
    __printf_render_ptr;
    __printf_render_quote;
    __printf_render_str;
    __printf_render_time;
    __printf_render_vis;
    __sclose;
    __sdidinit;
    __sflags;
    __sflush;
    __sfp;
    __sfvwrite;
    __sglue;
    __sinit;
    __slbexpand;
    __smakebuf;
    __sread;
    __sreadahead;
    __srefill;
    __sseek;
    __svfscanf;
    __swhatbuf;
    __swrite;
    __swsetup;
    __ungetc;
    __ungetwc;
    __uppercase_hex;
    __use_xprintf;
    __vfprintf;
    __vfscanf;
    __vfwprintf;
    __vfwscanf;
    __xvprintf;
    _cleanup;
    _fcookie;
    _flockfile;
    _flockfile_debug;
    _flockfile_debug_stub;
    _ftello;
    _ftrylockfile;
    _funlockfile;
    _fwalk;
    _mktemp;
    _sread;
    _sseek;
    _swrite;
    register_printf_function;
    register_printf_render;
    register_printf_render_std;
};
