DF306.0 {
    MD2Data;
    MD2End;
    MD2File;
    MD2FileChunk;
    MD2Final;
    MD2Init;
    MD2Pad;
    MD2Update;
    MD4Data;
    MD4End;
    MD4File;
    MD4FileChunk;
    MD4Final;
    MD4Init;
    MD4Pad;
    MD4Update;
    MD5Data;
    MD5End;
    MD5File;
    MD5FileChunk;
    MD5Final;
    MD5Init;
    MD5Pad;
    MD5Update;
    RIPEMD160_Data;
    RIPEMD160_End;
    RIPEMD160_File;
    RIPEMD160_FileChunk;
    RIPEMD160_Final;
    RIPEMD160_Init;
    RIPEMD160_Transform;
    RIPEMD160_Update;
    RMD160_version;
    SHA1_Data;
    SHA1_End;
    SHA1_File;
    SHA1_FileChunk;
    SHA1_Final;
    SHA1_Init;
    SHA1_Transform;
    SHA1_Update;
    SHA1_version;
    SHA256_Data;
    SHA256_End;
    SHA256_File;
    SHA256_FileChunk;
    SHA256_Final;
    SHA256_Init;
    SHA256_Update;
    SHA384_Final;
    SHA384_Init;
    SHA384_Update;
    SHA512_Data;
    SHA512_End;
    SHA512_File;
    SHA512_FileChunk;
    SHA512_Final;
    SHA512_Init;
    SHA512_Update;
    SHA_Data;
    SHA_End;
    SHA_File;
    SHA_FileChunk;
    SHA_Final;
    SHA_Init;
    SHA_Transform;
    SHA_Update;
    SHA_version;
    ripemd160_block;
    sha1_block;
    sha_block;
};
