DF306.0 {
	btowc;
	isalnum;
	isalpha;
	isascii;
	isblank;
	iscntrl;
	isdigit;
	isgraph;
	islower;
	isprint;
	ispunct;
	isspace;
	isupper;
	isxdigit;
	toascii;
	tolower;
	toupper;
	iswalnum;
	iswalpha;
	iswblank;
	iswcntrl;
	iswdigit;
	iswgraph;
	iswlower;
	iswprint;
	iswpunct;
	iswspace;
	iswupper;
	iswxdigit;
	towlower;
	towupper;
	localeconv;
	mblen;
	mbrlen;
	mbrtowc;
	mbsinit;
	mbsrtowcs;
	mbstowcs;
	mbtowc;
	nl_langinfo;
	__mb_cur_max;
	setlocale;
	_DefaultRuneLocale;
	_CurrentRuneLocale;
	wcrtomb;
	wcsftime;
	wcsrtombs;
	wcstod;
	wcstof;
	wcstoimax;
	wcstol;
	wcstold;
	wcstoll;
	wcstombs;
	wcstoul;
	wcstoull;
	wcstoumax;
	wctob;
	wctomb;
	towctrans;
	wctrans;
	iswctype;
	wctype;
	wcwidth;
};

DFprivate_1.0 {
    ___runetype_mb;
    __collate_chain_pri_table;
    __collate_char_pri_table_ptr;
    __collate_err;
    __collate_load_error;
    __collate_load_tables;
    __collate_lookup;
    __collate_range_cmp;
    __collate_strdup;
    __collate_substitute;
    __collate_substitute_nontrivial;
    __collate_substitute_table_ptr;
    __mb_len_max_runtime;
    __mlocale_changed;
    __nlocale_changed;
    __runetable_to_netbsd_ctype;
    __unaliasname;
    _NukeRune;
    _Read_RuneMagi;
    _CurrentMessagesLocale;
    _CurrentMonetaryLocale;
    _CurrentNumericLocale;
    _CurrentTimeLocale;
    _DefaultMessagesLocale;
    _DefaultMonetaryLocale;
    _DefaultNumericLocale;
    _DefaultTimeLocale;
    _PathLocale;
    _findrunelocale;
    _newrunelocale;
    _towctrans_ext;
    _wctrans_init;
    _xpg4_setrunelocale;
};
