ZSTDLIB_1.1.1 {
    ZSTD_BtFindBestMatch_dictMatchState_selectMLS;
    ZSTD_BtFindBestMatch_extDict_selectMLS;
    ZSTD_BtFindBestMatch_selectMLS;
    ZSTD_CCtxParams_getParameter;
    ZSTD_CCtxParams_init;
    ZSTD_CCtxParams_init_advanced;
    ZSTD_CCtxParams_reset;
    ZSTD_CCtxParams_setParameter;
    ZSTD_CCtx_getParameter;
    ZSTD_CCtx_init_compressStream2;
    ZSTD_CCtx_loadDictionary;
    ZSTD_CCtx_loadDictionary_advanced;
    ZSTD_CCtx_loadDictionary_byReference;
    ZSTD_CCtx_refCDict;
    ZSTD_CCtx_refPrefix;
    ZSTD_CCtx_refPrefix_advanced;
    ZSTD_CCtx_refThreadPool;
    ZSTD_CCtx_reset;
    ZSTD_CCtx_setParameter;
    ZSTD_CCtx_setParametersUsingCCtxParams;
    ZSTD_CCtx_setPledgedSrcSize;
    ZSTD_CStreamInSize;
    ZSTD_CStreamOutSize;
    ZSTD_DCtx_getParameter;
    ZSTD_DCtx_loadDictionary;
    ZSTD_DCtx_loadDictionary_advanced;
    ZSTD_DCtx_loadDictionary_byReference;
    ZSTD_DCtx_refDDict;
    ZSTD_DCtx_refPrefix;
    ZSTD_DCtx_refPrefix_advanced;
    ZSTD_DCtx_reset;
    ZSTD_DCtx_setFormat;
    ZSTD_DCtx_setMaxWindowSize;
    ZSTD_DCtx_setParameter;
    ZSTD_DDict_dictContent;
    ZSTD_DDict_dictSize;
    ZSTD_DStreamInSize;
    ZSTD_DStreamOutSize;
    ZSTD_DUBT_findBestMatch;
    ZSTD_HcFindBestMatch_dedicatedDictSearch_selectMLS;
    ZSTD_HcFindBestMatch_dictMatchState_selectMLS;
    ZSTD_NCountCost;
    ZSTD_XXH32;
    ZSTD_XXH32_canonicalFromHash;
    ZSTD_XXH32_copyState;
    ZSTD_XXH32_createState;
    ZSTD_XXH32_digest;
    ZSTD_XXH32_freeState;
    ZSTD_XXH32_hashFromCanonical;
    ZSTD_XXH32_reset;
    ZSTD_XXH32_update;
    ZSTD_XXH64;
    ZSTD_XXH64_canonicalFromHash;
    ZSTD_XXH64_copyState;
    ZSTD_XXH64_createState;
    ZSTD_XXH64_digest;
    ZSTD_XXH64_freeState;
    ZSTD_XXH64_hashFromCanonical;
    ZSTD_XXH64_reset;
    ZSTD_XXH64_update;
    ZSTD_XXH_versionNumber;
    ZSTD_adjustCParams;
    ZSTD_adjustCParams_internal;
    ZSTD_assignParamsToCCtxParams;
    ZSTD_buildCTable;
    ZSTD_buildFSETable;
    ZSTD_buildFSETable_body_bmi2;
    ZSTD_buildSeqStore;
    ZSTD_buildSeqTable;
    ZSTD_cParam_clampBounds;
    ZSTD_cParam_getBounds;
    ZSTD_checkCParams;
    ZSTD_checkContinuity;
    ZSTD_clearAllDicts;
    ZSTD_clearDict;
    ZSTD_compress;
    ZSTD_compress2;
    ZSTD_compressBegin;
    ZSTD_compressBegin_advanced;
    ZSTD_compressBegin_advanced_internal;
    ZSTD_compressBegin_internal;
    ZSTD_compressBegin_usingCDict;
    ZSTD_compressBegin_usingCDict_advanced;
    ZSTD_compressBegin_usingDict;
    ZSTD_compressBlock;
    ZSTD_compressBlock_btlazy2;
    ZSTD_compressBlock_btlazy2_dictMatchState;
    ZSTD_compressBlock_btlazy2_extDict;
    ZSTD_compressBlock_btopt;
    ZSTD_compressBlock_btopt_dictMatchState;
    ZSTD_compressBlock_btopt_extDict;
    ZSTD_compressBlock_btultra;
    ZSTD_compressBlock_btultra2;
    ZSTD_compressBlock_btultra_dictMatchState;
    ZSTD_compressBlock_btultra_extDict;
    ZSTD_compressBlock_doubleFast;
    ZSTD_compressBlock_doubleFast_dictMatchState;
    ZSTD_compressBlock_doubleFast_extDict;
    ZSTD_compressBlock_doubleFast_extDict_generic;
    ZSTD_compressBlock_fast;
    ZSTD_compressBlock_fast_dictMatchState;
    ZSTD_compressBlock_fast_extDict;
    ZSTD_compressBlock_fast_extDict_generic;
    ZSTD_compressBlock_greedy;
    ZSTD_compressBlock_greedy_dedicatedDictSearch;
    ZSTD_compressBlock_greedy_dictMatchState;
    ZSTD_compressBlock_greedy_extDict;
    ZSTD_compressBlock_internal;
    ZSTD_compressBlock_lazy;
    ZSTD_compressBlock_lazy2;
    ZSTD_compressBlock_lazy2_dedicatedDictSearch;
    ZSTD_compressBlock_lazy2_dictMatchState;
    ZSTD_compressBlock_lazy2_extDict;
    ZSTD_compressBlock_lazy_dedicatedDictSearch;
    ZSTD_compressBlock_lazy_dictMatchState;
    ZSTD_compressBlock_lazy_extDict;
    ZSTD_compressBound;
    ZSTD_compressCCtx;
    ZSTD_compressContinue;
    ZSTD_compressContinue_internal;
    ZSTD_compressEnd;
    ZSTD_compressLiterals;
    ZSTD_compressRleLiteralsBlock;
    ZSTD_compressSequences;
    ZSTD_compressStream;
    ZSTD_compressStream2;
    ZSTD_compressStream2_simpleArgs;
    ZSTD_compressSuperBlock;
    ZSTD_compress_advanced;
    ZSTD_compress_advanced_internal;
    ZSTD_compress_insertDictionary;
    ZSTD_compress_usingCDict;
    ZSTD_compress_usingCDict_advanced;
    ZSTD_compress_usingDict;
    ZSTD_copyBlockSequences;
    ZSTD_copyCCtx;
    ZSTD_copyDCtx;
    ZSTD_copyDDictParameters;
    ZSTD_copySequencesToSeqStoreExplicitBlockDelim;
    ZSTD_copySequencesToSeqStoreNoBlockDelim;
    ZSTD_count;
    ZSTD_count_2segments;
    ZSTD_createCCtx;
    ZSTD_createCCtxParams;
    ZSTD_createCCtx_advanced;
    ZSTD_createCDict;
    ZSTD_createCDict_advanced;
    ZSTD_createCDict_advanced2;
    ZSTD_createCDict_byReference;
    ZSTD_createCStream;
    ZSTD_createCStream_advanced;
    ZSTD_createDCtx;
    ZSTD_createDCtx_advanced;
    ZSTD_createDDict;
    ZSTD_createDDict_advanced;
    ZSTD_createDDict_byReference;
    ZSTD_createDStream;
    ZSTD_createDStream_advanced;
    ZSTD_createThreadPool;
    ZSTD_crossEntropyCost;
    ZSTD_customCalloc;
    ZSTD_customFree;
    ZSTD_customMalloc;
    ZSTD_cycleLog;
    ZSTD_dParam_getBounds;
    ZSTD_dParam_withinBounds;
    ZSTD_decodeFrameHeader;
    ZSTD_decodeLiteralsBlock;
    ZSTD_decodeSeqHeaders;
    ZSTD_decodingBufferSize_min;
    ZSTD_decompress;
    ZSTD_decompressBegin;
    ZSTD_decompressBegin_usingDDict;
    ZSTD_decompressBegin_usingDict;
    ZSTD_decompressBlock;
    ZSTD_decompressBlock_internal;
    ZSTD_decompressBound;
    ZSTD_decompressContinue;
    ZSTD_decompressContinueStream;
    ZSTD_decompressDCtx;
    ZSTD_decompressMultiFrame;
    ZSTD_decompressSequencesLong_bmi2;
    ZSTD_decompressSequencesLong_default;
    ZSTD_decompressSequences_bmi2;
    ZSTD_decompressStream;
    ZSTD_decompressStream_simpleArgs;
    ZSTD_decompress_usingDDict;
    ZSTD_decompress_usingDict;
    ZSTD_dedicatedDictSearch_lazy_loadDictionary;
    ZSTD_defaultCMem;
    ZSTD_defaultCParameters;
    ZSTD_dictNCountRepeat;
    ZSTD_did_fieldSize;
    ZSTD_downscaleStat;
    ZSTD_encodeSequences;
    ZSTD_encodeSequences_bmi2;
    ZSTD_endStream;
    ZSTD_estimateCCtxSize;
    ZSTD_estimateCCtxSize_usingCCtxParams;
    ZSTD_estimateCCtxSize_usingCCtxParams_internal;
    ZSTD_estimateCCtxSize_usingCParams;
    ZSTD_estimateCDictSize;
    ZSTD_estimateCDictSize_advanced;
    ZSTD_estimateCStreamSize;
    ZSTD_estimateCStreamSize_usingCCtxParams;
    ZSTD_estimateCStreamSize_usingCParams;
    ZSTD_estimateDCtxSize;
    ZSTD_estimateDDictSize;
    ZSTD_estimateDStreamSize;
    ZSTD_estimateDStreamSize_fromFrame;
    ZSTD_estimateSubBlockSize_symbolType;
    ZSTD_execSequenceEnd;
    ZSTD_fcs_fieldSize;
    ZSTD_fillDoubleHashTable;
    ZSTD_fillHashTable;
    ZSTD_finalizeOffCode;
    ZSTD_findDecompressedSize;
    ZSTD_findFrameCompressedSize;
    ZSTD_findFrameSizeInfo;
    ZSTD_flushStream;
    ZSTD_frameHeaderSize;
    ZSTD_frameHeaderSize_internal;
    ZSTD_freeCCtx;
    ZSTD_freeCCtxContent;
    ZSTD_freeCCtxParams;
    ZSTD_freeCDict;
    ZSTD_freeCStream;
    ZSTD_freeDCtx;
    ZSTD_freeDDict;
    ZSTD_freeDStream;
    ZSTD_freeThreadPool;
    ZSTD_fseBitCost;
    ZSTD_generateSequences;
    ZSTD_getBlockSize;
    ZSTD_getCParams;
    ZSTD_getCParamsFromCCtxParams;
    ZSTD_getCParamsFromCDict;
    ZSTD_getCParams_internal;
    ZSTD_getDDict;
    ZSTD_getDecompressedSize;
    ZSTD_getDictID_fromCDict;
    ZSTD_getDictID_fromDDict;
    ZSTD_getDictID_fromDict;
    ZSTD_getDictID_fromFrame;
    ZSTD_getErrorCode;
    ZSTD_getErrorName;
    ZSTD_getErrorString;
    ZSTD_getFrameContentSize;
    ZSTD_getFrameHeader;
    ZSTD_getFrameHeader_advanced;
    ZSTD_getFrameProgression;
    ZSTD_getParams;
    ZSTD_getParams_internal;
    ZSTD_getSeqStore;
    ZSTD_getcBlockSize;
    ZSTD_hash8Ptr;
    ZSTD_initCCtx;
    ZSTD_initCDict_internal;
    ZSTD_initCStream;
    ZSTD_initCStream_advanced;
    ZSTD_initCStream_internal;
    ZSTD_initCStream_srcSize;
    ZSTD_initCStream_usingCDict;
    ZSTD_initCStream_usingCDict_advanced;
    ZSTD_initCStream_usingDict;
    ZSTD_initDCtx_internal;
    ZSTD_initDDict_internal;
    ZSTD_initDStream;
    ZSTD_initDStream_usingDDict;
    ZSTD_initDStream_usingDict;
    ZSTD_initFseState;
    ZSTD_initStaticCCtx;
    ZSTD_initStaticCDict;
    ZSTD_initStaticCStream;
    ZSTD_initStaticDCtx;
    ZSTD_initStaticDDict;
    ZSTD_initStaticDStream;
    ZSTD_initStats_ultra;
    ZSTD_insertAndFindFirstIndex;
    ZSTD_insertAndFindFirstIndexHash3;
    ZSTD_insertBlock;
    ZSTD_insertBt1;
    ZSTD_invalidateRepCodes;
    ZSTD_isError;
    ZSTD_isFrame;
    ZSTD_isRLE;
    ZSTD_ldm_adjustParameters;
    ZSTD_ldm_blockCompress;
    ZSTD_ldm_countBackwardsMatch;
    ZSTD_ldm_fillFastTables;
    ZSTD_ldm_fillHashTable;
    ZSTD_ldm_generateSequences;
    ZSTD_ldm_getMaxNbSeq;
    ZSTD_ldm_getTableSize;
    ZSTD_ldm_makeEntryAndInsertByTag;
    ZSTD_ldm_skipRawSeqStoreBytes;
    ZSTD_ldm_skipSequences;
    ZSTD_litLengthPrice;
    ZSTD_loadCEntropy;
    ZSTD_loadDEntropy;
    ZSTD_loadDictionaryContent;
    ZSTD_makeCCtxParamsFromCParams;
    ZSTD_maxCLevel;
    ZSTD_mergeBlockDelimiters;
    ZSTD_minCLevel;
    ZSTD_nextInputType;
    ZSTD_nextSrcSizeToDecompress;
    ZSTD_noCompressLiterals;
    ZSTD_optLdm_processMatchCandidate;
    ZSTD_optLdm_skipRawSeqStoreBytes;
    ZSTD_opt_getNextMatchAndUpdateSeqStore;
    ZSTD_overflowCorrectIfNeeded;
    ZSTD_overrideCParams;
    ZSTD_rawLiteralsCost;
    ZSTD_reduceTable;
    ZSTD_referenceExternalSequences;
    ZSTD_rescaleFreqs;
    ZSTD_resetCCtx_internal;
    ZSTD_resetCStream;
    ZSTD_resetDStream;
    ZSTD_resetSeqStore;
    ZSTD_reset_compressedBlockState;
    ZSTD_reset_matchState;
    ZSTD_safecopy;
    ZSTD_safecopyLiterals;
    ZSTD_selectBlockCompressor;
    ZSTD_selectEncodingType;
    ZSTD_seqToCodes;
    ZSTD_setBasePrices;
    ZSTD_setBufferExpectations;
    ZSTD_shouldAttachDict;
    ZSTD_sizeof_CCtx;
    ZSTD_sizeof_CDict;
    ZSTD_sizeof_CStream;
    ZSTD_sizeof_DCtx;
    ZSTD_sizeof_DDict;
    ZSTD_sizeof_DStream;
    ZSTD_sizeof_matchState;
    ZSTD_toFlushNow;
    ZSTD_updateDUBT;
    ZSTD_updateRep;
    ZSTD_updateStats;
    ZSTD_updateTree;
    ZSTD_upscaleStat;
    ZSTD_versionNumber;
    ZSTD_versionString;
    ZSTD_writeFrameHeader;
    ZSTD_writeLastEmptyBlock;

    ZDICT_optimizeTrainFromBuffer_fastCover;
    ZDICT_trainFromBuffer_fastCover;
    ZDICT_optimizeTrainFromBuffer_cover;
    ZDICT_trainFromBuffer_cover;
    ZDICT_addEntropyTablesFromBuffer;
    ZDICT_finalizeDictionary;
    ZDICT_getDictHeaderSize;
    ZDICT_getDictID;
    ZDICT_getErrorName;
    ZDICT_isError;
    ZDICT_trainFromBuffer;
    ZDICT_trainFromBuffer_legacy;
    ZDICT_trainFromBuffer_unsafe_legacy;
};
