DF306.0 {
    bcmp;
    bcopy;
    bzero;
    ffs;
    ffsl;
    ffsll;
    fls;
    flsl;
    flsll;
    index;
    memccpy;
    memchr;
    memcmp;
    memcpy;
    memmem;
    memmove;
    memrchr;
    memset;
    rindex;
    stpcpy;
    stpncpy;
    strcasecmp;
    strcasecmp_l;
    strcasestr;
    strcasestr_l;
    strcat;
    strchr;
    strchrnul;
    strcmp;
    strcoll;
    strcpy;
    strcspn;
    strdup;
    strerror;
    strerror_r;
    strlcat;
    strlcpy;
    strlen;
    strmode;
    strncasecmp;
    strncasecmp_l;
    strncat;
    strncmp;
    strncpy;
    strndup;
    strnlen;
    strnstr;
    strpbrk;
    strrchr;
    strsep;
    strsignal;
    strspn;
    strstr;
    strtok;
    strtok_r;
    strxfrm;
    swab;
    wcpcpy;
    wcpncpy;
    wcscasecmp;
    wcscat;
    wcschr;
    wcscmp;
    wcscoll;
    wcscpy;
    wcscspn;
    wcsdup;
    wcslcat;
    wcslcpy;
    wcslen;
    wcsncasecmp;
    wcsncat;
    wcsncmp;
    wcsncpy;
    wcsnlen;
    wcspbrk;
    wcsrchr;
    wcsspn;
    wcsstr;
    wcstok;
    wcswidth;
    wcswidth_l;
    wcsxfrm;
    wcwidth_l;
    wmemchr;
    wmemcmp;
    wmemcpy;
    wmemmove;
    wmemset;
};

DFprivate_1.0 {
    __strtok_r;
};
