DF402.0 {
    __rpc_createerr;
    __rpc_endconf;
    __rpc_fd2sockinfo;
    __rpc_get_local_uid;
    __rpc_get_t_size;
    __rpc_getconf;
    __rpc_getconfip;
    __rpc_nconf2fd;
    __rpc_nconf2sockinfo;
    __rpc_rawcombuf;
    __rpc_setconf;
    _authenticate;
    _null_auth;
    _rpc_dtablesize;
    _seterr_reply;
    _svcauth_des;
    _svcauth_null;
    _svcauth_short;
    _svcauth_unix;
    authdes_create;
    authdes_getucred;
    authdes_pk_seccreate;
    authdes_seccreate;
    authnone_create;
    authunix_create;
    authunix_create_default;
    bindresvport;
    bindresvport_sa;
    callrpc;
    cbc_crypt;
    clnt_broadcast;
    clnt_create;
    clnt_create_timed;
    clnt_create_vers;
    clnt_create_vers_timed;
    clnt_dg_create;
    clnt_pcreateerror;
    clnt_perrno;
    clnt_perror;
    clnt_raw_create;
    clnt_spcreateerror;
    clnt_sperrno;
    clnt_sperror;
    clnt_tli_create;
    clnt_tp_create;
    clnt_tp_create_timed;
    clnt_vc_create;
    clntraw_create;
    clnttcp_create;
    clntudp_bufcreate;
    clntudp_create;
    clntunix_create;
    des_crypt_1;
    des_setparity;
    ecb_crypt;
    endnetconfig;
    endnetpath;
    endrpcent;
    freenetconfigent;
    get_myaddress;
    getnetconfig;
    getnetconfigent;
    getnetname;
    getnetpath;
    getpublicandprivatekey;
    getpublickey;
    getrpcbyname;
    getrpcbynumber;
    getrpcent;
    getrpcport;
    host2netname;
    key_decryptsession;
    key_decryptsession_pk;
    key_encryptsession;
    key_encryptsession_pk;
    key_gendes;
    key_get_conv;
    key_secretkey_is_set;
    key_setnet;
    key_setsecret;
    nc_perror;
    nc_sperror;
    netname2host;
    netname2user;
    pmap_getmaps;
    pmap_getport;
    pmap_rmtcall;
    pmap_set;
    pmap_unset;
    registerrpc;
    rpc_broadcast;
    rpc_broadcast_exp;
    rpc_call;
    rpc_control;
    rpc_createerr;
    rpc_nullproc;
    rpc_reg;
    rpcb_getaddr;
    rpcb_getmaps;
    rpcb_gettime;
    rpcb_rmtcall;
    rpcb_set;
    rpcb_taddr2uaddr;
    rpcb_uaddr2taddr;
    rpcb_unset;
    rtime;
    setnetconfig;
    setnetpath;
    setrpcent;
    svc_auth_reg;
    svc_create;
    svc_dg_create;
    svc_dg_enablecache;
    svc_exit;
    svc_fd_create;
    svc_fdset;
    svc_getreq;
    svc_getreq_common;
    svc_getreq_poll;
    svc_getreqset;
    svc_maxfd;
    svc_raw_create;
    svc_reg;
    svc_register;
    svc_run;
    svc_sendreply;
    svc_tli_create;
    svc_tp_create;
    svc_unreg;
    svc_unregister;
    svc_vc_create;
    svcauthdesstats_lock;
    svcerr_auth;
    svcerr_decode;
    svcerr_noproc;
    svcerr_noprog;
    svcerr_progvers;
    svcerr_systemerr;
    svcerr_weakauth;
    svcfd_create;
    svcraw_create;
    svctcp_create;
    svcudp_bufcreate;
    svcudp_create;
    svcunix_create;
    svcunixfd_create;
    taddr2uaddr;
    uaddr2taddr;
    user2netname;
    xdr_accepted_reply;
    xdr_authdes_cred;
    xdr_authdes_verf;
    xdr_authunix_parms;
    xdr_callhdr;
    xdr_callmsg;
    xdr_cryptkeyarg2;
    xdr_cryptkeyarg;
    xdr_cryptkeyres;
    xdr_des_block;
    xdr_des_dir;
    xdr_des_mode;
    xdr_desargs;
    xdr_desresp;
    xdr_domainname;
    xdr_getcredres;
    xdr_key_netstarg;
    xdr_key_netstres;
    xdr_keybuf;
    xdr_keydat;
    xdr_keystatus;
    xdr_mapname;
    xdr_netbuf;
    xdr_netnamestr;
    xdr_opaque_auth;
    xdr_peername;
    xdr_pmap;
    xdr_pmaplist;
    xdr_pmaplist_ptr;
    xdr_rejected_reply;
    xdr_replymsg;
    xdr_rmtcall_args;
    xdr_rmtcallres;
    xdr_rpcb;
    xdr_rpcb_entry;
    xdr_rpcb_entry_list_ptr;
    xdr_rpcb_rmtcallargs;
    xdr_rpcb_rmtcallres;
    xdr_rpcb_stat;
    xdr_rpcb_stat_byvers;
    xdr_rpcblist;
    xdr_rpcblist_ptr;
    xdr_rpcbs_addrlist;
    xdr_rpcbs_addrlist_ptr;
    xdr_rpcbs_proc;
    xdr_rpcbs_rmtcalllist;
    xdr_rpcbs_rmtcalllist_ptr;
    xdr_unixcred;
    xdr_valdat;
    xdr_ypbind_binding;
    xdr_ypbind_resp;
    xdr_ypbind_resptype;
    xdr_ypbind_setdom;
    xdr_ypmap_parms;
    xdr_ypmaplist;
    xdr_yppush_status;
    xdr_yppushresp_xfr;
    xdr_ypreq_key;
    xdr_ypreq_nokey;
    xdr_ypreq_xfr;
    xdr_ypreqtype;
    xdr_yprequest;
    xdr_ypresp_all;
    xdr_ypresp_all_seq;
    xdr_ypresp_key_val;
    xdr_ypresp_maplist;
    xdr_ypresp_master;
    xdr_ypresp_order;
    xdr_ypresp_val;
    xdr_ypresp_xfr;
    xdr_ypresponse;
    xdr_ypresptype;
    xdr_ypstat;
    xdr_ypxfrstat;
    xprt_register;
    xprt_unregister;
};

DFprivate_1.0 {
    __des_crypt_LOCAL;
    __key_decryptsession_pk_LOCAL;
    __key_encryptsession_pk_LOCAL;
    __key_gendes_LOCAL;
    __svc_clean_idle;
};

/*
DFprivate_1.0 {
    __authdes_ops_lock;
    __authnone_lock;
    __authsvc_lock;
    __clnt_fd_lock;
    __clntraw_lock;
    __dupreq_lock;
    __getpublickey_LOCAL;
    __loopnconf_lock;
    __ops_lock;
    __proglst_lock;
    __rpc_broadenable;
    __rpc_control;
    __rpc_dtbsize;
    __rpc_fixup_addr;
    __rpc_freebroadifs;
    __rpc_get_a_size;
    __rpc_get_default_domain;
    __rpc_get_time_offset;
    __rpc_getbroadifs;
    __rpc_lowvers;
    __rpc_minfd;
    __rpc_raise_fd;
    __rpc_seman2socktype;
    __rpc_sockinfo2netid;
    __rpc_sockisbound;
    __rpc_socktype2seman;
    __rpc_taddr2uaddr_af;
    __rpc_uaddr2taddr_af;
    __rpcbaddr_cache_lock;
    __rpcb_findaddr_timed;
    __rpcgettp;
    __rpcsoc_lock;
    __svc_fd_lock;
    __svc_lock;
    __svc_maxrec;
    __svc_xports;
    __svcraw_lock;
    __tsd_lock;
    __xprt_unregister_unlocked;
    __xprtlist_lock;
    _des_crypt_call;
    _get_next_token;
};
*/
