DF404.0 {
    __b64_ntop;
    __b64_pton;
    ether_aton;
    ether_aton_r;
    ether_hostton;
    ether_line;
    ether_ntoa;
    ether_ntoa_r;
    ether_ntohost;
    eui64_aton;
    eui64_hostton;
    eui64_ntoa;
    eui64_ntohost;
    endhostent;
    endnetent;
    endprotoent;
    endservent;
    freeaddrinfo;
    freehostent;
    freeifaddrs;
    gai_strerror;
    getaddrinfo;
    gethostbyaddr;
    gethostbyaddr_r;
    gethostbyname2;
    gethostbyname2_r;
    gethostbyname;
    gethostbyname_r;
    gethostent;
    gethostent_r;
    getifaddrs;
    getipnodebyaddr;
    getipnodebyname;
    getnameinfo;
    getnetbyaddr;
    getnetbyaddr_r;
    getnetbyname;
    getnetbyname_r;
    getnetent;
    getnetent_r;
    getprotobyname;
    getprotobyname_r;
    getprotobynumber;
    getprotobynumber_r;
    getprotoent;
    getprotoent_r;
    getservbyname;
    getservbyname_r;
    getservbyport;
    getservbyport_r;
    getservent;
    getservent_r;
    hes_error;
    hes_free;
    hes_init;
    hes_resolve;
    hes_to_bind;
    hesiod_end;
    hesiod_free_list;
    hesiod_init;
    hesiod_resolve;
    hesiod_to_bind;
    htonl;
    htons;
    if_freenameindex;
    if_indextoname;
    if_nameindex;
    if_nametoindex;
    in6addr_any;
    in6addr_linklocal_allnodes;
    in6addr_loopback;
    in6addr_nodelocal_allnodes;
    inet6_opt_append;
    inet6_opt_find;
    inet6_opt_finish;
    inet6_opt_get_val;
    inet6_opt_init;
    inet6_opt_next;
    inet6_opt_set_val;
    inet6_option_alloc;
    inet6_option_append;
    inet6_option_find;
    inet6_option_init;
    inet6_option_next;
    inet6_option_space;
    inet6_rth_add;
    inet6_rth_getaddr;
    inet6_rth_init;
    inet6_rth_reverse;
    inet6_rth_segments;
    inet6_rth_space;
    inet6_rthdr_add;
    inet6_rthdr_getaddr;
    inet6_rthdr_getflags;
    inet6_rthdr_init;
    inet6_rthdr_lasthop;
    inet6_rthdr_reverse;
    inet6_rthdr_segments;
    inet6_rthdr_space;
    iruserok;
    iruserok_sa;
    link_addr;
    link_ntoa;
    nsdispatch;
    ntohl;
    ntohs;
    rcmd;
    rcmd_af;
    rcmdsh;
    recv;
    rresvport;
    rresvport_af;
    ruserok;
    send;
    sethostent;
    setnetent;
    setprotoent;
    setservent;
    sockatmark;
};

DFprivate_1.0 {
    __check_rhosts_file;
    __dns_getanswer;
    __ivaliduser_sa;
    __nss_compat_endgrent;
    __nss_compat_getgrent_r;
    __nss_compat_getgrgid_r;
    __nss_compat_getgrnam_r;
    __nss_compat_setgrent;
    __nss_compat_endpwent;
    __nss_compat_getpwent_r;
    __nss_compat_getpwuid_r;
    __nss_compat_getpwnam_r;
    __nss_compat_setpwent;
    __rcmd_errstr;
    _nsdbtaddsrc;
    _nsdbtdump;
    _nsdbtput;
    _nsdispatch;
    _nsyyerror;
    _nsyylex;
    _nsyylineno;
    _nsyyparse;
};
