DF402.0 {
    endhostent;
    endnetent;
    endprotoent;
    endservent;
    ether_aton;
    ether_aton_r;
    ether_hostton;
    ether_line;
    ether_ntoa;
    ether_ntoa_r;
    ether_ntohost;
    eui64_aton;
    eui64_hostton;
    eui64_ntoa;
    eui64_ntohost;
    freeaddrinfo;
    freehostent;
    freeifaddrs;
    gai_strerror;
    getaddrinfo;
    gethostbyaddr;
    gethostbyaddr_r;
    gethostbyname2;
    gethostbyname2_r;
    gethostbyname;
    gethostbyname_r;
    gethostent;
    gethostent_r;
    getifaddrs;
    getipnodebyaddr;
    getipnodebyname;
    getnameinfo;
    getnetbyaddr;
    getnetbyaddr_r;
    getnetbyname;
    getnetbyname_r;
    getnetent;
    getnetent_r;
    getprotobyname;
    getprotobyname_r;
    getprotobynumber;
    getprotobynumber_r;
    getprotoent;
    getprotoent_r;
    getservbyname;
    getservbyname_r;
    getservbyport;
    getservbyport_r;
    getservent;
    getservent_r;
    hes_error;
    hes_free;
    hes_init;
    hes_resolve;
    hes_to_bind;
    hesiod_end;
    hesiod_free_list;
    hesiod_init;
    hesiod_resolve;
    hesiod_to_bind;
    if_freenameindex;
    if_indextoname;
    if_nameindex;
    if_nametoindex;
    in6addr_any;
    in6addr_linklocal_allnodes;
    in6addr_loopback;
    in6addr_nodelocal_allnodes;
    inet6_opt_append;
    inet6_opt_find;
    inet6_opt_finish;
    inet6_opt_get_val;
    inet6_opt_init;
    inet6_opt_next;
    inet6_opt_set_val;
    inet6_option_alloc;
    inet6_option_append;
    inet6_option_find;
    inet6_option_init;
    inet6_option_next;
    inet6_option_space;
    inet6_rth_add;
    inet6_rth_getaddr;
    inet6_rth_init;
    inet6_rth_reverse;
    inet6_rth_segments;
    inet6_rth_space;
    inet6_rthdr_add;
    inet6_rthdr_getaddr;
    inet6_rthdr_getflags;
    inet6_rthdr_init;
    inet6_rthdr_lasthop;
    inet6_rthdr_reverse;
    inet6_rthdr_segments;
    inet6_rthdr_space;
    iruserok;
    iruserok_sa;
    link_addr;
    link_ntoa;
    nsdispatch;
    rcmd;
    rcmd_af;
    rcmdsh;
    recv;
    rresvport;
    rresvport_af;
    ruserok;
    send;
    sethostent;
    setnetent;
    setprotoent;
    setservent;
    sockatmark;
};

DFprivate_1.0 {
    _nsdispatch;
    _nsyyerror;
    _nsyylex;
    _nsyyparse;
    _nsyylineno;
    __b64_ntop;
    __b64_pton;
    __dns_getanswer;
    __ivaliduser;
    __ivaliduser_af;
    __ivaliduser_sa;
    __check_rhosts_file;
    __rcmd_errstr;
    __nss_compat_getgrnam_r;
    __nss_compat_getgrgid_r;
    __nss_compat_getgrent_r;
    __nss_compat_setgrent;
    __nss_compat_endgrent;
    __nss_compat_getpwnam_r;
    __nss_compat_getpwuid_r;
    __nss_compat_getpwent_r;
    __nss_compat_setpwent;
    __nss_compat_endpwent;
};

/*
DFprivate_1.0 {
    __abandon_cached_mp_write_session;
    __cached_mp_read;
    __cached_mp_write;
    __cached_read;
    __cached_write;
    __close_cached_connection;
    __close_cached_mp_read_session;
    __close_cached_mp_write_session;
    __copy_hostent;
    __copy_netent;
    __copy_protoent;
    __endprotoent_p;
    __getprotoent_p;
    __hostdata_init;
    __hostent_data_init;
    __hostent_init;
    __netdata_init;
    __nsdefaultsrc;
    __netent_data_init;
    __nss_cache_handler;
    __nss_common_cache_read;
    __nss_common_cache_write;
    __nss_common_cache_write_negative;
    __nss_mp_cache_end;
    __nss_mp_cache_read;
    __nss_mp_cache_write;
    __nss_mp_cache_write_submit;
    __open_cached_connection;
    __open_cached_mp_read_session;
    __open_cached_mp_write_session;
    __proto_id_func;
    __proto_marshal_func;
    __proto_unmarshal_func;
    __protodata_init;
    __protoent_data_init;
    __setprotoent_p;
    __sys_sctp_peeloff;
    _dns_gethostbyaddr;
    _dns_gethostbyname;
    _dns_getnetbyaddr;
    _dns_getnetbyname;
    _dns_ttl_;
    _endhostdnsent;
    _endhosthtent;
    _endnetdnsent;
    _endnethtent;
    _gethostbynisaddr;
    _gethostbynisname;
    _ht_gethostbyaddr;
    _ht_gethostbyname;
    _ht_getnetbyaddr;
    _ht_getnetbyname;
    _map_v4v6_address;
    _map_v4v6_hostent;
    _nis_gethostbyaddr;
    _nis_gethostbyname;
    _nis_getnetbyaddr;
    _nis_getnetbyname;
    _nsdbtaddsrc;
    _nsdbtput;
    _nsyy_create_buffer;
    _nsyy_delete_buffer;
    _nsyy_flex_debug;
    _nsyy_flush_buffer;
    _nsyy_scan_buffer;
    _nsyy_scan_bytes;
    _nsyy_scan_string;
    _nsyy_switch_to_buffer;
    _nsyyalloc;
    _nsyychar;
    _nsyydebug;
    _nsyyerrflag;
    _nsyyfree;
    _nsyyget_debug;
    _nsyyget_in;
    _nsyyget_leng;
    _nsyyget_lineno;
    _nsyyget_out;
    _nsyyget_text;
    _nsyyin;
    _nsyyleng;
    _nsyylex_destroy;
    _nsyylval;
    _nsyynerrs;
    _nsyyout;
    _nsyypop_buffer_state;
    _nsyypush_buffer_state;
    _nsyyrealloc;
    _nsyyrestart;
    _nsyyset_debug;
    _nsyyset_in;
    _nsyyset_lineno;
    _nsyyset_out;
    _nsyytext;
    _nsyyval;
    _nsyywrap;
    _sethostdnsent;
    _sethosthtent;
    _setnetdnsent;
    _setnethtent;
    _sctp_peeloff;
};
*/
