DF402.0 {
    dbopen;
    dbm_open;
    dbm_close;
    dbm_fetch;
    dbm_firstkey;
    dbm_nextkey;
    dbm_delete;
    dbm_store;
    dbm_error;
    dbm_clearerr;
    dbm_dirfno;
    mpool_open;
    mpool_delete;
    mpool_filter;
    mpool_new;
    mpool_get;
    mpool_put;
    mpool_close;
    mpool_sync;
    mpool_stat;
};

DFprivate_1.0 {
    __bt_open;
    __dbpanic;
    __hash_open;
    __rec_open;
};

/*
DFprivate_1.0 {
    __add_ovflpage;
    __addel;
    __big_delete;
    __big_insert;
    __big_keydata;
    __big_return;
    __big_split;
    __bt_close;
    __bt_cmp;
    __bt_defcmp;
    __bt_defpfx;
    __bt_delete;
    __bt_dleaf;
    __bt_fd;
    __bt_free;
    __bt_get;
    __bt_new;
    __bt_pgin;
    __bt_pgout;
    __bt_put;
    __bt_ret;
    __bt_search;
    __bt_seq;
    __bt_setcur;
    __bt_split;
    __bt_sync;
    __buf_free;
    __buf_init;
    __call_hash;
    __default_hash;
    __delpair;
    __expand_table;
    __free_ovflpage;
    __find_bigpair;
    __find_last_page;
    __get_buf;
    __get_page;
    __log2;
    __ovfl_delete;
    __ovfl_get;
    __ovfl_put;
    __put_page;
    __rec_close;
    __rec_delete;
    __rec_dleaf;
    __rec_fd;
    __rec_fmap;
    __rec_fpipe;
    __rec_get;
    __rec_iput;
    __rec_put;
    __rec_ret;
    __rec_search;
    __rec_seq;
    __rec_sync;
    __rec_vmap;
    __rec_vpipe;
    __reclaim_buf;
    __split_page;
    __ibitmap;
};
*/
