DF402.0 {
    __dn_comp;
    __dn_count_labels;
    __dn_expand;
    __dn_skipname;
    __fp_nquery;
    __fp_query;
    __fp_resstat;
    __h_errno;
    __h_errno_set;
    __hostalias;
    __loc_aton;
    __loc_ntoa;
    __p_cdname;
    __p_cdnname;
    __p_cert_syms;
    __p_class;
    __p_class_syms;
    __p_fqname;
    __p_fqnname;
    __p_key_syms;
    __p_option;
    __p_query;
    __p_rcode;
    __p_rcode_syms;
    __p_secstodate;
    __p_section;
    __p_sockun;
    __p_time;
    __p_type;
    __p_type_syms;
    __putlong;
    __putshort;
    __res_close;
    __res_dnok;
    __res_findzonecut2;
    __res_freeupdrec;
    __res_getservers;
    __res_hnok;
    __res_hostalias;
    __res_init;
    __res_isourserver;
    __res_mailok;
    __res_mkquery;
    __res_mkupdate;
    __res_mkupdrec;
    __res_nameinquery;
    __res_nametoclass;
    __res_nametotype;
    __res_nclose;
    __res_ndestroy;
    __res_ninit;
    __res_nmkquery;
    __res_nmkupdate;
    __res_nopt;
    __res_nquery;
    __res_nquerydomain;
    __res_nsearch;
    __res_nsend;
    __res_nupdate;
    __res_opt;
    __res_ourserver_p;
    __res_ownok;
    __res_pquery;
    __res_queriesmatch;
    __res_query;
    __res_querydomain;
    __res_randomid;
    __res_search;
    __res_send;
    __res_setservers;
    __res_state;
    __res_update;
    __res_vinit;
    __sym_ntop;
    __sym_ntos;
    __sym_ston;
    _getlong;
    _getshort;
    _res;
    _res_close;
    dn_comp;
    dn_count_labels;
    dn_expand;
    fp_resstat;
    h_errlist;
    h_errno;
    h_nerr;
    herror;
    hstrerror;
    p_fqnname;
    p_query;
    p_secstodate;
    res_buildprotolist;
    res_init;
    res_mkquery;
    res_query;
    res_querydomain;
    res_search;
    res_send;
    sym_ntop;
    sym_ntos;
    sym_ston;
};

/*
DFprivate_1.0 {
    ___mtctxres;
    __guard;
    __p_default_section_syms;
    __p_update_section_syms;
    __res_disable_mt;
    __res_nopt_rdata;
    _res_opcodes;
};
*/
