DF306.0 {
    xdr_accepted_reply;
    xdr_array;
    xdr_authunix_parms;
    xdr_bool;
    xdr_bytes;
    xdr_callhdr;
    xdr_callmsg;
    xdr_char;
    xdr_cryptkeyarg;
    xdr_cryptkeyarg2;
    xdr_cryptkeyres;
    xdr_datum;
    xdr_des_block;
    xdr_des_dir;
    xdr_des_mode;
    xdr_desargs;
    xdr_desresp;
    xdr_domainname;
    xdr_double;
    xdr_enum;
    xdr_float;
    xdr_free;
    xdr_getcredres;
    xdr_hyper;
    xdr_int;
    xdr_int16_t;
    xdr_int32_t;
    xdr_int64_t;
    xdr_key_netstarg;
    xdr_key_netstres;
    xdr_keybuf;
    xdr_keydat;
    xdr_keystatus;
    xdr_long;
    xdr_longlong_t;
    xdr_mapname;
    xdr_netbuf;
    xdr_netnamestr;
    xdr_netobj;
    xdr_opaque;
    xdr_opaque_auth;
    xdr_peername;
    xdr_pmap;
    xdr_pmaplist;
    xdr_pmaplist_ptr;
    xdr_pointer;
    xdr_reference;
    xdr_rejected_reply;
    xdr_replymsg;
    xdr_rmtcall_args;
    xdr_rmtcallres;
    xdr_rpcb;
    xdr_rpcb_entry;
    xdr_rpcb_entry_list_ptr;
    xdr_rpcb_rmtcallargs;
    xdr_rpcb_rmtcallres;
    xdr_rpcb_stat;
    xdr_rpcb_stat_byvers;
    xdr_rpcblist;
    xdr_rpcblist_ptr;
    xdr_rpcbs_addrlist;
    xdr_rpcbs_addrlist_ptr;
    xdr_rpcbs_proc;
    xdr_rpcbs_rmtcalllist;
    xdr_rpcbs_rmtcalllist_ptr;
    xdr_short;
    xdr_string;
    xdr_u_char;
    xdr_u_hyper;
    xdr_u_int;
    xdr_u_int16_t;
    xdr_u_int32_t;
    xdr_u_int64_t;
    xdr_u_long;
    xdr_u_longlong_t;
    xdr_u_short;
    xdr_uint32_t;
    xdr_uint64_t;
    xdr_union;
    xdr_unixcred;
    xdr_valdat;
    xdr_vector;
    xdr_void;
    xdr_ypbind_binding;
    xdr_ypbind_resp;
    xdr_ypbind_resptype;
    xdr_ypbind_setdom;
    xdr_ypmap_parms;
    xdr_ypmaplist;
    xdr_yppush_status;
    xdr_yppushresp_xfr;
    xdr_ypreq_key;
    xdr_ypreq_nokey;
    xdr_ypreq_xfr;
    xdr_ypreqtype;
    xdr_yprequest;
    xdr_ypresp_all;
    xdr_ypresp_all_seq;
    xdr_ypresp_key_val;
    xdr_ypresp_maplist;
    xdr_ypresp_master;
    xdr_ypresp_order;
    xdr_ypresp_val;
    xdr_ypresp_xfr;
    xdr_ypresponse;
    xdr_ypresptype;
    xdr_ypstat;
    xdr_ypxfrstat;
    xdrmem_create;
    xdrrec_create;
    xdrrec_endofrecord;
    xdrrec_eof;
    xdrrec_skiprecord;
    xdrstdio_create;
};

DFprivate_1.0 {
    __xdrrec_getrec;
    __xdrrec_setnonblock;
};
