DF402.0 {
    connect_to_daemon;
    daemon_fd;
    get_hash_size;
    get_shmdata;
    handle_new_connection;
    init_socket;
    is_sysvinit;
    lock_resources;
    lock_undo;
    msginfo;
    receive_fd;
    receive_message;
    receive_msg_with_cred;
    receive_type_message;
    send_fd;
    send_message;
    send_msg_with_cred;
    set_shmdata_access;
    shm_data;
    shmaddrs;
    shmchild;
    shmres;
    sysv_mutex_init;
    sysv_mutex_lock;
    sysv_mutex_unlock;
    sysv_print;
    sysv_print_err;
    sysv_rwlock_init;
    sysv_rwlock_rdlock;
    sysv_rwlock_unlock;
    sysv_rwlock_wrlock;
    sysvexit;
    sysvinit;
    sysvipc_msgctl;
    sysvipc_msgget;
    sysvipc_msgrcv;
    sysvipc_msgsnd;
    sysvipc___semctl;
    sysvipc_semget;
    sysvipc_semop;
    sysvipc_shmat;
    sysvipc_shmctl;
    sysvipc_shmdt;
    sysvipc_shmget;
    sysvipc_userland;
    undos;
};

DFprivate_1.0 {
    __sysv_umtx_lock;
    __sysv_umtx_unlock;
    _hash_destroy;
    _hash_init;
    _hash_insert;
    _hash_lookup;
    _hash_remove;
    _msgctl;
    _msgget;
    _msgrcv;
    _msgsnd;
    _semget;
    _semop;
    _sysv_umtx_init;
    _sysv_umtx_lock;
    _sysv_umtx_unlock;
};
