DF306.0 {
    accept;
    access;
    acct;
    adjtime;
    aio_cancel;
    aio_error;
    aio_read;
    aio_return;
    aio_suspend;
    aio_waitcomplete;
    aio_write;
    bind;
    chdir;
    chflags;
    chmod;
    chown;
    chroot;
    chroot_kernel;
    clock_getres;
    clock_gettime;
    clock_settime;
    close;
    closefrom;
    connect;
    dup;
    dup2;
    eaccess;
    environ;
    exec_sys_register;
    exec_sys_unregister;
    execve;
    extaccept;
    extattr_delete_file;
    extattr_get_file;
    extattr_set_file;
    extattrctl;
    extconnect;
    extexit;
    extpread;
    extpreadv;
    extpwrite;
    extpwritev;
    faccessat;
    fchdir;
    fchflags;
    fchmod;
    fchmodat;
    fchown;
    fchownat;
    fcntl;
    fhopen;
    fhstat;
    fhstatfs;
    fhstatvfs;
    flock;
    fork;
    fpathconf;
    fstat;
    fstatat;
    fstatfs;
    fsync;
    ftruncate;
    futimes;
    get_tls_area;
    getdents;
    getdirentries;
    getdtablesize;
    getegid;
    geteuid;
    getfh;
    getfsstat;
    getgid;
    getgroups;
    getitimer;
    getpeername;
    getpgid;
    getpgrp;
    getpid;
    getppid;
    getpriority;
    getresgid;
    getresuid;
    getrlimit;
    getrusage;
    getsid;
    getsockname;
    getsockopt;
    gettimeofday;
    getuid;
    getvfsbytype;
    ioctl;
    ioprio_get;
    ioprio_set;
    issetugid;
    jail;
    jail_attach;
    kevent;
    kill;
    kldfind;
    kldfirstmod;
    kldload;
    kldnext;
    kldstat;
    kldsym;
    kldunload;
    kqueue;
    ktrace;
    lchflags;
    lchmod;
    lchown;
    link;
    linkat;
    lio_listio;
    listen;
    lpathconf;
    lseek;
    lstat;
    lutimes;
    lwp_create;
    lwp_gettid;
    lwp_kill;
    lwp_rtprio;
    madvise;
    mcontrol;
    mincore;
    minherit;
    mkdir;
    mkdirat;
    mkfifo;
    mkfifoat;
    mknod;
    mknodat;
    mlock;
    mlockall;
    mmap;
    modfind;
    modfnext;
    modnext;
    modstat;
    mount;
    mountctl;
    mprotect;
    mq_close;
    mq_getattr;
    mq_notify;
    mq_open;
    mq_receive;
    mq_send;
    mq_setattr;
    mq_timedreceive;
    mq_timedsend;
    mq_unlink;
    msgctl;
    msync;
    msgsys;
    munlock;
    munlockall;
    munmap;
    nanosleep;
    netbsd_lchown;
    netbsd_msync;
    nfssvc;
    ntp_adjtime;
    ntp_gettime;
    open;
    openat;
    pathconf;
    pipe;
    poll;
    pread;
    preadv;
    profil;
    pselect;
    ptrace;
    pwrite;
    pwritev;
    quotactl;
    read;
    readlink;
    readlinkat;
    readv;
    reboot;
    recvfrom;
    recvmsg;
    rename;
    renameat;
    revoke;
    rfork;
    rmdir;
    rtime;
    rtprio;
    sched_get_priority_max;
    sched_get_priority_min;
    sched_getparam;
    sched_getscheduler;
    sched_rr_get_interval;
    sched_setparam;
    sched_setscheduler;
    sched_yield;
    select;
    sendfile;
    sendmsg;
    sendto;
    set_tls_area;
    setegid;
    seteuid;
    setgid;
    setgroups;
    setitimer;
    setlogin;
    setpgid;
    setpriority;
    setregid;
    setresgid;
    setresuid;
    setreuid;
    setrlimit;
    setrpcent;
    setsid;
    setsockopt;
    settimeofday;
    setuid;
    shmat;
    shmctl;
    shmdt;
    shmget;
    shmsys;
    shutdown;
    sigaction;
    sigaltstack;
    sigpending;
    sigprocmask;
    sigreturn;
    sigsuspend;
    sigtimedwait;
    sigwait;
    sigwaitinfo;
    socket;
    socketpair;
    stat;
    statfs;
    swapoff;
    swapon;
    symlink;
    symlinkat;
    sync;
    sys_checkpoint;
    sysarch;
    syscall;
    truncate;
    umask;
    umtx_sleep;
    umtx_wakeup;
    undelete;
    unlink;
    unlinkat;
    unmount;
    usched_set;
    utimes;
    utrace;
    uuidgen;
    varsym_get;
    varsym_list;
    varsym_set;
    vfork;
    vmspace_create;
    vmspace_ctl;
    vmspace_destroy;
    vmspace_mcontrol;
    vmspace_mmap;
    vmspace_munmap;
    vmspace_pread;
    vmspace_pwrite;
    vquotactl;
    wait4;
    write;
    writev;
};

DFprivate_1.0 {
    ___semctl;
    ___syscall;
    ___sysctl;
    __chk_fail;
    __semctl;
    __stack_chk_fail;
    __stack_chk_fail_local;
    __stack_chk_guard;
    __stack_smash_handler;
    __sys___acl_aclcheck_fd;
    __sys___acl_aclcheck_file;
    __sys___acl_delete_fd;
    __sys___acl_delete_file;
    __sys___acl_get_fd;
    __sys___acl_get_file;
    __sys___acl_set_fd;
    __sys___acl_set_file;
    __sys___getcwd;
    __sys___semctl;
    __sys___syscall;
    __sys___sysctl;
    __sys_accept;
    __sys_access;
    __sys_acct;
    __sys_adjtime;
    __sys_aio_cancel;
    __sys_aio_error;
    __sys_aio_read;
    __sys_aio_return;
    __sys_aio_suspend;
    __sys_aio_waitcomplete;
    __sys_aio_write;
    __sys_bind;
    __sys_chdir;
    __sys_chflags;
    __sys_chmod;
    __sys_chown;
    __sys_chroot;
    __sys_chroot_kernel;
    __sys_clock_getres;
    __sys_clock_gettime;
    __sys_clock_settime;
    __sys_close;
    __sys_closefrom;
    __sys_connect;
    __sys_dup;
    __sys_dup2;
    __sys_eaccess;
    __sys_exec_sys_register;
    __sys_exec_sys_unregister;
    __sys_execve;
    __sys_exit;
    __sys_extaccept;
    __sys_extattr_delete_file;
    __sys_extattr_get_file;
    __sys_extattr_set_file;
    __sys_extattrctl;
    __sys_extconnect;
    __sys_extexit;
    __sys_extpread;
    __sys_extpreadv;
    __sys_extpwrite;
    __sys_extpwritev;
    __sys_faccessat;
    __sys_fchdir;
    __sys_fchflags;
    __sys_fchmod;
    __sys_fchmodat;
    __sys_fchown;
    __sys_fchownat;
    __sys_fcntl;
    __sys_fhopen;
    __sys_fhstat;
    __sys_fhstatfs;
    __sys_fhstatvfs;
    __sys_flock;
    __sys_fork;
    __sys_fpathconf;
    __sys_fstat;
    __sys_fstatat;
    __sys_fstatfs;
    __sys_fstatvfs;
    __sys_fsync;
    __sys_futimes;
    __sys_get_tls_area;
    __sys_getdents;
    __sys_getdirentries;
    __sys_getdtablesize;
    __sys_getegid;
    __sys_geteuid;
    __sys_getfh;
    __sys_getfsstat;
    __sys_getgid;
    __sys_getgroups;
    __sys_getitimer;
    __sys_getlogin;
    __sys_getpeername;
    __sys_getpgid;
    __sys_getpgrp;
    __sys_getpid;
    __sys_getppid;
    __sys_getpriority;
    __sys_getresgid;
    __sys_getresuid;
    __sys_getrlimit;
    __sys_getrusage;
    __sys_getsid;
    __sys_getsockname;
    __sys_getsockopt;
    __sys_gettimeofday;
    __sys_getuid;
    __sys_getvfsstat;
    __sys_ioctl;
    __sys_ioprio_get;
    __sys_ioprio_set;
    __sys_issetugid;
    __sys_jail;
    __sys_jail_attach;
    __sys_kevent;
    __sys_kill;
    __sys_kldfind;
    __sys_kldfirstmod;
    __sys_kldload;
    __sys_kldnext;
    __sys_kldstat;
    __sys_kldsym;
    __sys_kldunload;
    __sys_kqueue;
    __sys_ktrace;
    __sys_lchflags;
    __sys_lchmod;
    __sys_lchown;
    __sys_link;
    __sys_linkat;
    __sys_lio_listio;
    __sys_listen;
    __sys_lpathconf;
    __sys_lstat;
    __sys_lutimes;
    __sys_lwp_create;
    __sys_lwp_gettid;
    __sys_lwp_kill;
    __sys_lwp_rtprio;
    __sys_madvise;
    __sys_mcontrol;
    __sys_mincore;
    __sys_minherit;
    __sys_mkdir;
    __sys_mkdirat;
    __sys_mkfifo;
    __sys_mkfifoat;
    __sys_mknod;
    __sys_mknodat;
    __sys_mlock;
    __sys_mlockall;
    __sys_modfind;
    __sys_modfnext;
    __sys_modnext;
    __sys_modstat;
    __sys_mount;
    __sys_mountctl;
    __sys_mprotect;
    __sys_mq_close;
    __sys_mq_getattr;
    __sys_mq_notify;
    __sys_mq_open;
    __sys_mq_receive;
    __sys_mq_send;
    __sys_mq_setattr;
    __sys_mq_timedreceive;
    __sys_mq_timedsend;
    __sys_mq_unlink;
    __sys_msgsys;
    __sys_msync;
    __sys_munlock;
    __sys_munlockall;
    __sys_munmap;
    __sys_nanosleep;
    __sys_netbsd_lchown;
    __sys_netbsd_msync;
    __sys_nfssvc;
    __sys_ntp_adjtime;
    __sys_open;
    __sys_openat;
    __sys_pathconf;
    __sys_pipe;
    __sys_poll;
    __sys_profil;
    __sys_pselect;
    __sys_ptrace;
    __sys_quotactl;
    __sys_read;
    __sys_readlink;
    __sys_readlinkat;
    __sys_readv;
    __sys_reboot;
    __sys_recvfrom;
    __sys_recvmsg;
    __sys_rename;
    __sys_renameat;
    __sys_revoke;
    __sys_rfork;
    __sys_rmdir;
    __sys_rtprio;
    __sys_sched_get_priority_max;
    __sys_sched_get_priority_min;
    __sys_sched_getparam;
    __sys_sched_getscheduler;
    __sys_sched_rr_get_interval;
    __sys_sched_setparam;
    __sys_sched_setscheduler;
    __sys_sched_yield;
    __sys_select;
    __sys_semsys;
    __sys_sendfile;
    __sys_sendmsg;
    __sys_sendto;
    __sys_set_tls_area;
    __sys_setegid;
    __sys_seteuid;
    __sys_setgid;
    __sys_setgroups;
    __sys_setitimer;
    __sys_setlogin;
    __sys_setpgid;
    __sys_setpriority;
    __sys_setregid;
    __sys_setresgid;
    __sys_setresuid;
    __sys_setreuid;
    __sys_setrlimit;
    __sys_setsid;
    __sys_setsockopt;
    __sys_settimeofday;
    __sys_setuid;
    __sys_shmat;
    __sys_shmctl;
    __sys_shmdt;
    __sys_shmget;
    __sys_shmsys;
    __sys_shutdown;
    __sys_sigaction;
    __sys_sigaltstack;
    __sys_sigpending;
    __sys_sigprocmask;
    __sys_sigreturn;
    __sys_sigsuspend;
    __sys_sigtimedwait;
    __sys_sigwaitinfo;
    __sys_socket;
    __sys_socketpair;
    __sys_stat;
    __sys_statfs;
    __sys_statvfs;
    __sys_swapoff;
    __sys_swapon;
    __sys_symlink;
    __sys_symlinkat;
    __sys_sync;
    __sys_sys_checkpoint;
    __sys_sysarch;
    __sys_syscall;
    __sys_umask;
    __sys_umtx_sleep;
    __sys_umtx_wakeup;
    __sys_undelete;
    __sys_unlink;
    __sys_unlinkat;
    __sys_unmount;
    __sys_usched_set;
    __sys_utimes;
    __sys_utrace;
    __sys_uuidgen;
    __sys_varsym_get;
    __sys_varsym_list;
    __sys_varsym_set;
    __sys_vfork;
    __sys_vmspace_create;
    __sys_vmspace_ctl;
    __sys_vmspace_destroy;
    __sys_vmspace_mcontrol;
    __sys_vmspace_mmap;
    __sys_vmspace_munmap;
    __sys_vmspace_pread;
    __sys_vmspace_pwrite;
    __sys_vquotactl;
    __sys_wait4;
    __sys_write;
    __sys_writev;
    __syscall;
    __sysctl;
    ___acl_aclcheck_fd;
    ___acl_aclcheck_file;
    ___acl_delete_fd;
    ___acl_delete_file;
    ___acl_get_fd;
    ___acl_get_file;
    ___acl_set_fd;
    ___acl_set_file;
    __acl_aclcheck_fd;
    __acl_aclcheck_file;
    __acl_delete_fd;
    __acl_delete_file;
    __acl_get_fd;
    __acl_get_file;
    __acl_set_fd;
    __acl_set_file;
    _accept;
    _access;
    _acct;
    _adjtime;
    _aio_cancel;
    _aio_error;
    _aio_read;
    _aio_return;
    _aio_suspend;
    _aio_waitcomplete;
    _aio_write;
    _bind;
    _chdir;
    _chflags;
    _chmod;
    _chown;
    _chroot;
    _chroot_kernel;
    _clock_getres;
    _clock_gettime;
    _clock_settime;
    _close;
    _closefrom;
    _connect;
    _dup;
    _dup2;
    _eaccess;
    _exec_sys_register;
    _exec_sys_unregister;
    _execve;
    _execvpe;
    _extexit;
    _extaccept;
    _extattr_delete_file;
    _extattr_get_file;
    _extattr_set_file;
    _extattrctl;
    _extconnect;
    _extpread;
    _extpreadv;
    _extpwrite;
    _extpwritev;
    _faccessat;
    _fchdir;
    _fchflags;
    _fchmod;
    _fchmodat;
    _fchown;
    _fchownat;
    _fcntl;
    _fhopen;
    _fhstat;
    _fhstatfs;
    _fhstatvfs;
    _flock;
    _fork;
    _fpathconf;
    _fseeko;
    _fstat;
    _fstatat;
    _fstatfs;
    _fstatvfs;
    _fsync;
    _futimes;
    _get_tls_area;
    _getdents;
    _getdirentries;
    _getdtablesize;
    _getegid;
    _geteuid;
    _getfh;
    _getfsstat;
    _getgid;
    _getgroups;
    _getitimer;
    _getpeername;
    _getpgid;
    _getpgrp;
    _getpid;
    _getppid;
    _getpriority;
    _getresgid;
    _getresuid;
    _getrlimit;
    _getrusage;
    _getsid;
    _getsockname;
    _getsockopt;
    _gettimeofday;
    _getuid;
    _getvfsstat;
    _ioctl;
    _ioprio_get;
    _ioprio_set;
    _issetugid;
    _jail;
    _jail_attach;
    _kevent;
    _kill;
    _kldfind;
    _kldfirstmod;
    _kldload;
    _kldnext;
    _kldstat;
    _kldsym;
    _kldunload;
    _kqueue;
    _ktrace;
    _lchflags;
    _lchmod;
    _lchown;
    _link;
    _linkat;
    _lio_listio;
    _listen;
    _lpathconf;
    _lstat;
    _lutimes;
    _lwp_create;
    _lwp_gettid;
    _lwp_kill;
    _lwp_rtprio;
    _madvise;
    _mcontrol;
    _mincore;
    _minherit;
    _mkdir;
    _mkdirat;
    _mkfifo;
    _mkfifoat;
    _mknod;
    _mknodat;
    _mlock;
    _mlockall;
    _modfind;
    _modfnext;
    _modnext;
    _modstat;
    _mount;
    _mountctl;
    _mprotect;
    _mq_close;
    _mq_getattr;
    _mq_notify;
    _mq_open;
    _mq_receive;
    _mq_send;
    _mq_setattr;
    _mq_timedreceive;
    _mq_timedsend;
    _mq_unlink;
    _msgsys;
    _msync;
    _munlock;
    _munlockall;
    _munmap;
    _nanosleep;
    _netbsd_lchown;
    _netbsd_msync;
    _nfssvc;
    _ntp_adjtime;
    _open;
    _openat;
    _pathconf;
    _pipe;
    _poll;
    _profil;
    _pselect;
    _ptrace;
    _quotactl;
    _read;
    _readlink;
    _readlinkat;
    _readv;
    _reboot;
    _recvfrom;
    _recvmsg;
    _rename;
    _renameat;
    _revoke;
    _rfork;
    _rmdir;
    _rtprio;
    _sched_get_priority_max;
    _sched_get_priority_min;
    _sched_getparam;
    _sched_getscheduler;
    _sched_rr_get_interval;
    _sched_setparam;
    _sched_setscheduler;
    _sched_yield;
    _select;
    _sem_close;
    _sem_destroy;
    _sem_getvalue;
    _sem_init;
    _sem_open;
    _sem_post;
    _sem_timedwait;
    _sem_trywait;
    _sem_unlink;
    _sem_wait;
    _semsys;
    _sendfile;
    _sendmsg;
    _sendto;
    _set_tls_area;
    _setegid;
    _seteuid;
    _setgid;
    _setgroups;
    _setitimer;
    _setlogin;
    _setpgid;
    _setpriority;
    _setregid;
    _setresgid;
    _setresuid;
    _setreuid;
    _setrlimit;
    _setsid;
    _setsockopt;
    _settimeofday;
    _setuid;
    _shmat;
    _shmctl;
    _shmdt;
    _shmget;
    _shmsys;
    _shutdown;
    _sigaction;
    _sigaltstack;
    _sigpending;
    _sigprocmask;
    _sigreturn;
    _sigsuspend;
    _sigtimedwait;
    _sigwaitinfo;
    _socket;
    _socketpair;
    _stat;
    _statfs;
    _statvfs;
    _swapoff;
    _swapon;
    _symlink;
    _symlinkat;
    _sync;
    _sys_checkpoint;
    _sysarch;
    _syscall;
    _umask;
    _umtx_sleep;
    _umtx_wakeup;
    _undelete;
    _unlink;
    _unlinkat;
    _unmount;
    _usched_set;
    _utimes;
    _utrace;
    _uuidgen;
    _varsym_get;
    _varsym_list;
    _varsym_set;
    _vfork;
    _vmspace_create;
    _vmspace_ctl;
    _vmspace_destroy;
    _vmspace_mcontrol;
    _vmspace_mmap;
    _vmspace_munmap;
    _vmspace_pread;
    _vmspace_pwrite;
    _vquotactl;
    _wait4;
    _write;
    _writev;
};
