NCURSES_5.9 {
    BC;
    COLORS;
    COLOR_PAIR;
    COLOR_PAIRS;
    COLS;
    ESCDELAY;
    LINES;
    PAIR_NUMBER;
    PC;
    SP;
    TABSIZE;
    UP;
    acs_map;
    addch;
    addchnstr;
    addchstr;
    addnstr;
    addstr;
    assume_default_colors;
    attr_get;
    attr_off;
    attr_on;
    attr_set;
    attroff;
    attron;
    attrset;
    baudrate;
    beep;
    bkgd;
    bkgdset;
    boolcodes;
    boolfnames;
    boolnames;
    border;
    box;
    can_change_color;
    cbreak;
    chgat;
    clear;
    clearok;
    clrtobot;
    clrtoeol;
    color_content;
    color_set;
    copywin;
    cur_term;
    curs_set;
    curscr;
    curses_version;
    def_prog_mode;
    def_shell_mode;
    define_key;
    del_curterm;
    delay_output;
    delch;
    deleteln;
    delscreen;
    delwin;
    derwin;
    doupdate;
    dupwin;
    echo;
    echochar;
    endwin;
    erase;
    erasechar;
    filter;
    flash;
    flushinp;
    get_escdelay;
    getattrs;
    getbegx;
    getbegy;
    getbkgd;
    getch;
    getcurx;
    getcury;
    getmaxx;
    getmaxy;
    getmouse;
    getnstr;
    getparx;
    getpary;
    getstr;
    getwin;
    halfdelay;
    has_colors;
    has_ic;
    has_il;
    has_key;
    has_mouse;
    hline;
    idcok;
    idlok;
    immedok;
    inch;
    inchnstr;
    inchstr;
    init_color;
    init_pair;
    initscr;
    innstr;
    insch;
    insdelln;
    insertln;
    insnstr;
    insstr;
    instr;
    intrflush;
    is_cleared;
    is_idcok;
    is_idlok;
    is_immedok;
    is_keypad;
    is_leaveok;
    is_linetouched;
    is_nodelay;
    is_notimeout;
    is_pad;
    is_scrollok;
    is_subwin;
    is_syncok;
    is_term_resized;
    is_wintouched;
    isendwin;
    key_defined;
    keybound;
    keyname;
    keyok;
    keypad;
    killchar;
    leaveok;
    longname;
    mcprint;
    meta;
    mouse_trafo;
    mouseinterval;
    mousemask;
    move;
    mvaddch;
    mvaddchnstr;
    mvaddchstr;
    mvaddnstr;
    mvaddstr;
    mvchgat;
    mvcur;
    mvdelch;
    mvderwin;
    mvgetch;
    mvgetnstr;
    mvgetstr;
    mvhline;
    mvinch;
    mvinchnstr;
    mvinchstr;
    mvinnstr;
    mvinsch;
    mvinsnstr;
    mvinsstr;
    mvinstr;
    mvprintw;
    mvscanw;
    mvvline;
    mvwaddch;
    mvwaddchnstr;
    mvwaddchstr;
    mvwaddnstr;
    mvwaddstr;
    mvwchgat;
    mvwdelch;
    mvwgetch;
    mvwgetnstr;
    mvwgetstr;
    mvwhline;
    mvwin;
    mvwinch;
    mvwinchnstr;
    mvwinchstr;
    mvwinnstr;
    mvwinsch;
    mvwinsnstr;
    mvwinsstr;
    mvwinstr;
    mvwprintw;
    mvwscanw;
    mvwvline;
    napms;
    newpad;
    newscr;
    newterm;
    newwin;
    nl;
    nocbreak;
    nodelay;
    noecho;
    nofilter;
    nonl;
    noqiflush;
    noraw;
    notimeout;
    numcodes;
    numfnames;
    numnames;
    ospeed;
    overlay;
    overwrite;
    pair_content;
    pechochar;
    pnoutrefresh;
    prefresh;
    printw;
    putp;
    putwin;
    qiflush;
    raw;
    redrawwin;
    refresh;
    reset_prog_mode;
    reset_shell_mode;
    resetty;
    resize_term;
    resizeterm;
    restartterm;
    ripoffline;
    savetty;
    scanw;
    scr_dump;
    scr_init;
    scr_restore;
    scr_set;
    scrl;
    scroll;
    scrollok;
    set_curterm;
    set_escdelay;
    set_tabsize;
    set_term;
    setscrreg;
    setupterm;
    slk_attr;
    slk_attr_set;
    slk_attroff;
    slk_attron;
    slk_attrset;
    slk_clear;
    slk_color;
    slk_init;
    slk_label;
    slk_noutrefresh;
    slk_refresh;
    slk_restore;
    slk_set;
    slk_touch;
    standend;
    standout;
    start_color;
    stdscr;
    strcodes;
    strfnames;
    strnames;
    subpad;
    subwin;
    syncok;
    termattrs;
    termname;
    tgetent;
    tgetflag;
    tgetnum;
    tgetstr;
    tgoto;
    tigetflag;
    tigetnum;
    tigetstr;
    timeout;
    tiparm;
    touchline;
    touchwin;
    tparm;
    tputs;
    trace;
    ttytype;
    typeahead;
    unctrl;
    ungetch;
    ungetmouse;
    untouchwin;
    use_default_colors;
    use_env;
    use_extended_names;
    use_legacy_coding;
    use_screen;
    use_window;
    vidattr;
    vidputs;
    vline;
    vw_printw;
    vw_scanw;
    vwprintw;
    vwscanw;
    waddch;
    waddchnstr;
    waddchstr;
    waddnstr;
    waddstr;
    wattr_get;
    wattr_off;
    wattr_on;
    wattr_set;
    wattroff;
    wattron;
    wattrset;
    wbkgd;
    wbkgdset;
    wborder;
    wchgat;
    wclear;
    wclrtobot;
    wclrtoeol;
    wcolor_set;
    wcursyncup;
    wdelch;
    wdeleteln;
    wechochar;
    wenclose;
    werase;
    wgetch;
    wgetnstr;
    wgetparent;
    wgetscrreg;
    wgetstr;
    whline;
    winch;
    winchnstr;
    winchstr;
    winnstr;
    winsch;
    winsdelln;
    winsertln;
    winsnstr;
    winsstr;
    winstr;
    wmouse_trafo;
    wmove;
    wnoutrefresh;
    wprintw;
    wredrawln;
    wrefresh;
    wresize;
    wscanw;
    wscrl;
    wsetscrreg;
    wstandend;
    wstandout;
    wsyncdown;
    wsyncup;
    wtimeout;
    wtouchln;
    wvline;
};

NCURSESprivate_1.0 {
    _nc_access;
    _nc_add_to_try;
    _nc_align_termtype;
    _nc_altcharset_name;
    _nc_basename;
    _nc_baudrate;
    _nc_capcmp;
    _nc_captoinfo;
    _nc_check_termtype;
    _nc_check_termtype2;
    _nc_comment_end;
    _nc_comment_start;
    _nc_copy_entry;
    _nc_copy_termtype;
    _nc_curr_col;
    _nc_curr_file_pos;
    _nc_curr_line;
    _nc_curr_token;
    _nc_delink_entry;
    _nc_disable_period;
    _nc_do_color;
    _nc_doalloc;
    _nc_entry_match;
    _nc_err_abort;
    _nc_expand_try;
    _nc_expanded;
    _nc_fallback;
    _nc_fifo_dump;
    _nc_find_entry;
    _nc_find_type_entry;
    _nc_first_db;
    _nc_first_name;
    _nc_flush;
    _nc_format_slks;
    _nc_free_and_exit;
    _nc_free_entries;
    _nc_free_entry;
    _nc_free_termtype;
    _nc_freeall;
    _nc_freewin;
    _nc_get_alias_table;
    _nc_get_hash_info;
    _nc_get_hash_table;
    _nc_get_locale;
    _nc_get_screensize;
    _nc_get_source;
    _nc_get_table;
    _nc_get_token;
    _nc_get_tty_mode;
    _nc_get_type;
    _nc_getenv_num;
    _nc_globals;
    _nc_handle_sigwinch;
    _nc_has_mouse;
    _nc_hash_map;
    _nc_hashed_db;
    _nc_head;
    _nc_home_terminfo;
    _nc_infotocap;
    _nc_init_acs;
    _nc_init_entry;
    _nc_init_keytry;
    _nc_insert_ch;
    _nc_is_abs_path;
    _nc_is_dir_path;
    _nc_is_file_path;
    _nc_keep_tic_dir;
    _nc_keyname;
    _nc_keypad;
    _nc_last_db;
    _nc_leaks_tinfo;
    _nc_linedump;
    _nc_locale_breaks_acs;
    _nc_make_oldhash;
    _nc_makenew;
    _nc_memmove;
    _nc_merge_entry;
    _nc_msec_cost;
    _nc_mvcur_init;
    _nc_mvcur_resume;
    _nc_mvcur_wrap;
    _nc_name_match;
    _nc_next_db;
    _nc_nulls_sent;
    _nc_oldnums;
    _nc_optimize_enable;
    _nc_ospeed;
    _nc_outch;
    _nc_outchars;
    _nc_panelhook;
    _nc_panic_mode;
    _nc_parse_entry;
    _nc_pathlast;
    _nc_prescreen;
    _nc_printf_string;
    _nc_push_token;
    _nc_putp;
    _nc_putp_flush;
    _nc_read_entry;
    _nc_read_entry_source;
    _nc_read_file_entry;
    _nc_read_termcap_entry;
    _nc_read_termtype;
    _nc_remove_key;
    _nc_remove_string;
    _nc_render;
    _nc_reset_colors;
    _nc_reset_input;
    _nc_resolve_uses;
    _nc_resolve_uses2;
    _nc_retrace_attr_t;
    _nc_retrace_bool;
    _nc_retrace_char;
    _nc_retrace_chtype;
    _nc_retrace_cptr;
    _nc_retrace_cvoid_ptr;
    _nc_retrace_int;
    _nc_retrace_int_attr_t;
    _nc_retrace_mmask_t;
    _nc_retrace_ptr;
    _nc_retrace_sp;
    _nc_retrace_unsigned;
    _nc_retrace_void_ptr;
    _nc_retrace_win;
    _nc_ripoffline;
    _nc_rootname;
    _nc_safe_strcat;
    _nc_safe_strcpy;
    _nc_save_str;
    _nc_screen_chain;
    _nc_screen_init;
    _nc_screen_of;
    _nc_screen_resume;
    _nc_screen_wrap;
    _nc_scroll_oldhash;
    _nc_scroll_optimize;
    _nc_scroll_window;
    _nc_scrolln;
    _nc_set_buffer;
    _nc_set_no_padding;
    _nc_set_source;
    _nc_set_tty_mode;
    _nc_set_type;
    _nc_set_writedir;
    _nc_setup_tinfo;
    _nc_setupscreen;
    _nc_setupterm;
    _nc_signal_handler;
    _nc_slk_initialize;
    _nc_start_line;
    _nc_str_copy;
    _nc_str_init;
    _nc_str_null;
    _nc_suppress_warnings;
    _nc_synchook;
    _nc_syntax;
    _nc_syserr_abort;
    _nc_tail;
    _nc_tic_dir;
    _nc_tic_expand;
    _nc_tic_written;
    _nc_timed_wait;
    _nc_tinfo_cmdch;
    _nc_tinfo_fkeys;
    _nc_tparm_analyze;
    _nc_tparm_err;
    _nc_tputs_trace;
    _nc_trace_buf;
    _nc_trace_bufcat;
    _nc_trace_tries;
    _nc_trace_ttymode;
    _nc_trace_xnames;
    _nc_tracebits;
    _nc_tracechar;
    _nc_tracemouse;
    _nc_tracing;
    _nc_trans_string;
    _nc_trim_sgr0;
    _nc_unctrl;
    _nc_ungetch;
    _nc_unicode_locale;
    _nc_update_screensize;
    _nc_user_definable;
    _nc_varargs;
    _nc_visbuf;
    _nc_visbuf2;
    _nc_visbufn;
    _nc_viscbuf;
    _nc_viscbuf2;
    _nc_vsscanf;
    _nc_waddch_nosync;
    _nc_warning;
    _nc_wgetch;
    _nc_wrap_entry;
    _nc_write_entry;
    _traceattr;
    _traceattr2;
    _tracechar;
    _tracechtype;
    _tracechtype2;
    _tracedump;
    _tracef;
    _tracemouse;
};
