DF402.0 {
    _Exit;
    __cxa_atexit;
    __cxa_finalize;
    __isthreaded;
    a64l;
    abort;
    abs;
    aligned_alloc;
    at_quick_exit;
    atexit;
    atof;
    atof_l;
    atoi;
    atoi_l;
    atol;
    atol_l;
    atoll;
    atoll_l;
    bsearch;
    calloc;
    div;
    exit;
    free;
    getenv;
    getopt;
    getopt_long;
    getopt_long_only;
    getsubopt;
    grantpt;
    hcreate;
    hdestroy;
    heapsort;
    hsearch;
    imaxabs;
    imaxdiv;
    initstate;
    insque;
    l64a;
    l64a_r;
    labs;
    ldiv;
    lfind;
    llabs;
    lldiv;
    lsearch;
    malloc;
    mergesort;
    optarg;
    opterr;
    optind;
    optopt;
    optreset;
    posix_memalign;
    posix_openpt;
    ptsname;
    putenv;
    qsort;
    qsort_r;
    quick_exit;
    radixsort;
    rand;
    rand_r;
    random;
    realloc;
    reallocf;
    realpath;
    remque;
    setenv;
    setstate;
    sradixsort;
    srand;
    sranddev;
    srandom;
    srandomdev;
    strfmon;
    strtod_l;
    strtof_l;
    strtoimax;
    strtoimax_l;
    strtol;
    strtol_l;
    strtold_l;
    strtoll;
    strtoll_l;
    strtonum;
    strtoq;
    strtoq_l;
    strtoul;
    strtoul_l;
    strtoull;
    strtoull_l;
    strtoumax;
    strtoumax_l;
    strtouq;
    strtouq_l;
    suboptarg;
    system;
    tdelete;
    tfind;
    tsearch;
    twalk;
    unlockpt;
    unsetenv;
};

DFprivate_1.0 {
    __system;
    _nmalloc_thr_init;
    _system;
};

/*
DFprivate_1.0 {
    __cleanup;
};
*/
