NCURSES_5.9 {
    add_wch;
    add_wchnstr;
    add_wchstr;
    addnwstr;
    addwstr;
    bkgrnd;
    bkgrndset;
    border_set;
    box_set;
    echo_wchar;
    erasewchar;
    get_wch;
    get_wstr;
    getbkgrnd;
    getcchar;
    getn_wstr;
    hline_set;
    in_wch;
    in_wchnstr;
    in_wchstr;
    innwstr;
    ins_nwstr;
    ins_wch;
    ins_wstr;
    inwstr;
    key_name;
    killwchar;
    mvadd_wch;
    mvadd_wchnstr;
    mvadd_wchstr;
    mvaddnwstr;
    mvaddwstr;
    mvget_wch;
    mvget_wstr;
    mvgetn_wstr;
    mvhline_set;
    mvin_wch;
    mvin_wchnstr;
    mvin_wchstr;
    mvinnwstr;
    mvins_nwstr;
    mvins_wch;
    mvins_wstr;
    mvinwstr;
    mvvline_set;
    mvwadd_wch;
    mvwadd_wchnstr;
    mvwadd_wchstr;
    mvwaddnwstr;
    mvwaddwstr;
    mvwget_wch;
    mvwget_wstr;
    mvwgetn_wstr;
    mvwhline_set;
    mvwin_wch;
    mvwin_wchnstr;
    mvwin_wchstr;
    mvwinnwstr;
    mvwins_nwstr;
    mvwins_wch;
    mvwins_wstr;
    mvwinwstr;
    mvwvline_set;
    pecho_wchar;
    setcchar;
    slk_attr_off;
    slk_attr_on;
    slk_wset;
    term_attrs;
    unget_wch;
    vid_attr;
    vid_puts;
    vline_set;
    wadd_wch;
    wadd_wchnstr;
    wadd_wchstr;
    waddnwstr;
    waddwstr;
    wbkgrnd;
    wbkgrndset;
    wborder_set;
    wecho_wchar;
    wget_wch;
    wget_wstr;
    wgetbkgrnd;
    wgetn_wstr;
    whline_set;
    win_wch;
    win_wchnstr;
    win_wchstr;
    winnwstr;
    wins_nwstr;
    wins_wch;
    wins_wstr;
    winwstr;
    wunctrl;
    wvline_set;
};

NCURSESprivate_1.0 {
    _nc_build_wch;
    _nc_init_wacs;
    _nc_insert_wch;
    _nc_is_charable;
    _nc_to_char;
    _nc_to_widechar;
    _nc_viswbuf;
    _nc_viswbuf2;
    _nc_viswbufn;
    _nc_viswibuf;
    _nc_wacs;
    _nc_wchstrlen;
    _nc_wcrtomb;
    _tracecchar_t;
    _tracecchar_t2;
};
